[INFO] Scanning for projects...
[INFO] 
[INFO] ------------------------< com.housing:billing >-------------------------
[INFO] Building billing 0.0.1-SNAPSHOT
[INFO]   from pom.xml
[INFO] --------------------------------[ jar ]---------------------------------
[INFO] 
[INFO] >>> spring-boot:3.5.11:run (default-cli) > test-compile @ billing >>>
[INFO] 
[INFO] --- resources:3.3.1:resources (default-resources) @ billing ---
[INFO] Copying 1 resource from src\main\resources to target\classes
[INFO] Copying 0 resource from src\main\resources to target\classes
[INFO] 
[INFO] --- compiler:3.14.1:compile (default-compile) @ billing ---
[INFO] Nothing to compile - all classes are up to date.
[INFO] 
[INFO] --- resources:3.3.1:testResources (default-testResources) @ billing ---
[INFO] skip non existing resourceDirectory C:\Users\amsharma\OneDrive - AMDOCS\Desktop\ProjectDocs\billing\billing\src\test\resources
[INFO] 
[INFO] --- compiler:3.14.1:testCompile (default-testCompile) @ billing ---
[INFO] Nothing to compile - all classes are up to date.
[INFO] 
[INFO] <<< spring-boot:3.5.11:run (default-cli) < test-compile @ billing <<<
[INFO] 
[INFO] 
[INFO] --- spring-boot:3.5.11:run (default-cli) @ billing ---
[INFO] Attaching agents: []

  .   ____          _            __ _ _
 /\\ / ___'_ __ _ _(_)_ __  __ _ \ \ \ \
( ( )\___ | '_ | '_| | '_ \/ _` | \ \ \ \
 \\/  ___)| |_)| | | | | || (_| |  ) ) ) )
  '  |____| .__|_| |_|_| |_\__, | / / / /
 =========|_|==============|___/=/_/_/_/

 :: Spring Boot ::               (v3.5.11)

2026-04-27T10:49:07.719+05:30  INFO 22868 --- [           main] m.p.springdotenv.DotenvPropertySource    : Initializing Dotenv with DotenvConfig{directory=null, filename=null, ignoreIfMalformed=false, ignoreIfMissing=true, systemProperties=false, prefix=null}
2026-04-27T10:49:07.747+05:30  INFO 22868 --- [           main] com.housing.billing.BillingApplication   : Starting BillingApplication using Java 21.0.10 with PID 22868 (C:\Users\amsharma\OneDrive - AMDOCS\Desktop\ProjectDocs\billing\billing\target\classes started by amsharma in C:\Users\amsharma\OneDrive - AMDOCS\Desktop\ProjectDocs\billing\billing)
2026-04-27T10:49:07.747+05:30 DEBUG 22868 --- [           main] com.housing.billing.BillingApplication   : Running with Spring Boot v3.5.11, Spring v6.2.16
2026-04-27T10:49:07.748+05:30  INFO 22868 --- [           main] com.housing.billing.BillingApplication   : No active profile set, falling back to 1 default profile: "default"
2026-04-27T10:49:08.972+05:30  INFO 22868 --- [           main] .s.d.r.c.RepositoryConfigurationDelegate : Bootstrapping Spring Data Couchbase repositories in DEFAULT mode.
2026-04-27T10:49:09.147+05:30  INFO 22868 --- [           main] .s.d.r.c.RepositoryConfigurationDelegate : Finished Spring Data repository scanning in 167 ms. Found 7 Couchbase repository interfaces.
2026-04-27T10:49:09.947+05:30  INFO 22868 --- [           main] .s.d.r.c.RepositoryConfigurationDelegate : Bootstrapping Spring Data Couchbase repositories in DEFAULT mode.
2026-04-27T10:49:09.983+05:30  INFO 22868 --- [           main] .s.d.r.c.RepositoryConfigurationDelegate : Finished Spring Data repository scanning in 33 ms. Found 0 Couchbase repository interfaces.
2026-04-27T10:49:10.490+05:30  WARN 22868 --- [           main] trationDelegate$BeanPostProcessorChecker : Bean 'couchbaseConfig' of type [com.housing.billing.config.CouchbaseConfig$$SpringCGLIB$$0] is not eligible for getting processed by all BeanPostProcessors (for example: not eligible for auto-proxying). Is this bean getting eagerly injected/applied to a currently created BeanPostProcessor [transactionInterceptorCustomizer]? Check the corresponding BeanPostProcessor declaration and its dependencies/advisors. If this bean does not have to be post-processed, declare it with ROLE_INFRASTRUCTURE.
2026-04-27T10:49:10.882+05:30  WARN 22868 --- [           main] trationDelegate$BeanPostProcessorChecker : Bean 'couchbaseClusterEnvironment' of type [com.couchbase.client.java.env.ClusterEnvironment] is not eligible for getting processed by all BeanPostProcessors (for example: not eligible for auto-proxying). Is this bean getting eagerly injected/applied to a currently created BeanPostProcessor [transactionInterceptorCustomizer]? Check the corresponding BeanPostProcessor declaration and its dependencies/advisors. If this bean does not have to be post-processed, declare it with ROLE_INFRASTRUCTURE.
2026-04-27T10:49:11.015+05:30  INFO 22868 --- [           main] c.c.c.c.c.a.c.AppTelemetryCollectorImpl  : Pausing app telemetry collection.
2026-04-27T10:49:11.068+05:30  INFO 22868 --- [etry-reporter-0] c.c.c.c.c.a.r.AppTelemetryReporterImpl   : App telemetry reporter has no remotes available.
2026-04-27T10:49:11.102+05:30  WARN 22868 --- [           main] trationDelegate$BeanPostProcessorChecker : Bean 'couchbaseCluster' of type [com.couchbase.client.java.Cluster] is not eligible for getting processed by all BeanPostProcessors (for example: not eligible for auto-proxying). Is this bean getting eagerly injected/applied to a currently created BeanPostProcessor [transactionInterceptorCustomizer]? Check the corresponding BeanPostProcessor declaration and its dependencies/advisors. If this bean does not have to be post-processed, declare it with ROLE_INFRASTRUCTURE.
2026-04-27T10:49:11.133+05:30  WARN 22868 --- [           main] trationDelegate$BeanPostProcessorChecker : Bean 'couchbaseClientFactory' of type [org.springframework.data.couchbase.SimpleCouchbaseClientFactory] is not eligible for getting processed by all BeanPostProcessors (for example: not eligible for auto-proxying). Is this bean getting eagerly injected/applied to a currently created BeanPostProcessor [transactionInterceptorCustomizer]? Check the corresponding BeanPostProcessor declaration and its dependencies/advisors. If this bean does not have to be post-processed, declare it with ROLE_INFRASTRUCTURE.
2026-04-27T10:49:11.143+05:30  WARN 22868 --- [           main] trationDelegate$BeanPostProcessorChecker : Bean 'couchbaseTransactionManager' of type [org.springframework.data.couchbase.transaction.CouchbaseCallbackTransactionManager] is not eligible for getting processed by all BeanPostProcessors (for example: not eligible for auto-proxying). Is this bean getting eagerly injected/applied to a currently created BeanPostProcessor [transactionInterceptorCustomizer]? Check the corresponding BeanPostProcessor declaration and its dependencies/advisors. If this bean does not have to be post-processed, declare it with ROLE_INFRASTRUCTURE.
2026-04-27T10:49:11.368+05:30  INFO 22868 --- [oundedElastic-1] c.c.c.c.c.DefaultConfigurationProvider   : Resolved seed nodes: [SeedNode{address='localhost'}]
2026-04-27T10:49:11.446+05:30  INFO 22868 --- [      cb-events] com.couchbase.core                       : [com.couchbase.core][CoreCreatedEvent] {"clientVersion":"3.8.3","clientGitHash":"ae838aa7","coreVersion":"3.8.3","coreGitHash":"ae838aa7","userAgent":"couchbase-java/3.8.3 (Windows 11 10.0 amd64; Java HotSpot(TM) 64-Bit Server VM 21.0.10+8-LTS-217)","maxNumRequestsInRetry":32768,"ioEnvironment":{"nativeIoEnabled":true,"eventLoopThreadCount":4,"eventLoopGroups":["NioEventLoopGroup"]},"ioConfig":{"captureTraffic":[],"mutationTokensEnabled":true,"networkResolution":"auto","dnsSrvEnabled":true,"tcpKeepAlivesEnabled":true,"tcpKeepAliveTimeMs":60000,"configPollIntervalMs":2500,"kvCircuitBreakerConfig":"disabled","queryCircuitBreakerConfig":"disabled","viewCircuitBreakerConfig":"disabled","searchCircuitBreakerConfig":"disabled","analyticsCircuitBreakerConfig":"disabled","managerCircuitBreakerConfig":"disabled","eventingCircuitBreakerConfig":"disabled","backupCircuitBreakerConfig":"disabled","numKvConnections":1,"maxHttpConnections":12,"idleHttpConnectionTimeoutMs":1000,"configIdleRedialTimeoutMs":300000,"memcachedHashingStrategy":"StandardMemcachedHashingStrategy","timerConfig":{"numTimers":1,"tickDurationMs":10,"numBuckets":512},"lowWaterMark":"32 KiB","highWaterMark":"64 KiB","sendBuffer":null,"receiveBuffer":null},"compressionConfig":{"enabled":true,"minRatio":0.83,"minSize":32},"securityConfig":{"tlsEnabled":false,"nativeTlsEnabled":true,"hostnameVerificationEnabled":true,"trustCertificates":null,"trustManagerFactory":null,"ciphers":[]},"timeoutConfig":{"kvMs":2500,"kvDurableMs":10000,"kvScanMs":75000,"managementMs":75000,"queryMs":75000,"viewMs":75000,"searchMs":75000,"analyticsMs":75000,"connectMs":10000,"disconnectMs":10000,"eventingMs":75000,"backupMs":75000},"loggerConfig":{"diagnosticContextEnabled":false},"orphanReporterConfig":{"emitIntervalMs":10000,"sampleSize":10,"queueLength":1024,"enabled":true},"thresholdLoggingTracerConfig":{"enabled":true,"emitIntervalMs":10000,"sampleSize":10,"queueLength":1024,"kvThresholdMs":500,"queryThresholdMs":1000,"searchThresholdMs":1000,"analyticsThresholdMs":1000,"viewThresholdMs":1000,"transactionsThresholdMs":5000},"loggingMeterConfig":{"enabled":true,"emitIntervalMs":600000},"retryStrategy":"BestEffortRetryStrategy","requestTracer":"ThresholdLoggingTracer","meter":"LoggingMeter","numRequestCallbacks":0,"scheduler":"ParallelScheduler","schedulerThreadCount":8,"transactionsConfig":{"durabilityLevel":"MAJORITY","timeoutMs":15000,"cleanupConfig":{"runLostAttemptsCleanupThread":true,"runRegularAttemptsCleanupThread":true,"cleanupWindowMs":60000,"cleanupSet":""},"numAtrs":1024,"metadataCollection":"none","scanConsistency":"none"},"preferredServerGroup":"null","appTelemetryDisabled":false,"appTelemetryEndpoint":"null"} {"connectionString":"couchbase://localhost","coreId":"0xfdaa8f5200000001","numCoreInstances":1}
2026-04-27T10:49:11.447+05:30  INFO 22868 --- [      cb-events] com.couchbase.transactions               : [com.couchbase.transactions][TransactionsStartedEvent] Transactions successfully initialised, regular cleanup enabled=true, lost cleanup enabled=true
2026-04-27T10:49:11.450+05:30  INFO 22868 --- [      cb-events] com.couchbase.core                       : [com.couchbase.core][DnsSrvLookupFailedEvent][165ms] DNS SRV lookup failed (name not found). This is expected if the there is no DNS SRV record associated with the hostname in the connection string. Will now try to bootstrap directly from the given hostname. To suppress this message, specify an IP address instead of a hostname (for example: 127.0.0.1 instead of localhost), specify more than one hostname, or set the `io.enableDnsSrv` client setting to false.
2026-04-27T10:49:11.451+05:30  INFO 22868 --- [      cb-events] com.couchbase.node                       : [com.couchbase.node][NodeCreatedEvent] Node created {"coreId":"0xfdaa8f5200000001","managerPort":"8091","remote":"localhost"}
2026-04-27T10:49:11.457+05:30  INFO 22868 --- [   cb-io-kv-5-2] c.c.c.c.compression.snappy.SnappyHelper  : Using fast Snappy compression codec because this is little-endian hardware and `sun.misc.Unsafe` is accessible.
2026-04-27T10:49:11.690+05:30  INFO 22868 --- [           main] o.s.b.w.embedded.tomcat.TomcatWebServer  : Tomcat initialized with port 8081 (http)
2026-04-27T10:49:11.716+05:30  INFO 22868 --- [           main] o.apache.catalina.core.StandardService   : Starting service [Tomcat]
2026-04-27T10:49:11.716+05:30  INFO 22868 --- [           main] o.apache.catalina.core.StandardEngine    : Starting Servlet engine: [Apache Tomcat/10.1.52]
2026-04-27T10:49:11.825+05:30  INFO 22868 --- [           main] o.a.c.c.C.[Tomcat].[localhost].[/]       : Initializing Spring embedded WebApplicationContext
2026-04-27T10:49:11.826+05:30  INFO 22868 --- [           main] w.s.c.ServletWebServerApplicationContext : Root WebApplicationContext: initialization completed in 4010 ms
2026-04-27T10:49:11.954+05:30  INFO 22868 --- [      cb-events] com.couchbase.core                       : [com.couchbase.core][BucketOpenedEvent][767ms] Opened bucket "prop-tax" {"coreId":"0xfdaa8f5200000001"}
2026-04-27T10:49:12.075+05:30 DEBUG 22868 --- [           main] c.h.billing.security.JwtAuthFilter       : Filter 'jwtAuthFilter' configured for use
2026-04-27T10:49:13.706+05:30  INFO 22868 --- [           main] o.s.b.a.e.web.EndpointLinksResolver      : Exposing 1 endpoint beneath base path '/actuator'
2026-04-27T10:49:13.781+05:30  WARN 22868 --- [           main] .s.s.UserDetailsServiceAutoConfiguration : 

Using generated security password: 14e21e44-a2e9-425b-bf08-aaf4879a86c9

This generated password is for development use only. Your security configuration must be updated before running your application in production.

2026-04-27T10:49:13.795+05:30  INFO 22868 --- [           main] r$InitializeUserDetailsManagerConfigurer : Global AuthenticationManager configured with UserDetailsService bean with name inMemoryUserDetailsManager
2026-04-27T10:49:14.707+05:30  WARN 22868 --- [           main] ConfigServletWebServerApplicationContext : Exception encountered during context initialization - cancelling refresh attempt: org.springframework.context.ApplicationContextException: Failed to start bean 'webServerStartStop'
2026-04-27T10:49:14.716+05:30  INFO 22868 --- [           main] c.c.c.c.c.a.r.AppTelemetryReporterImpl   : Interrupting the app telemetry reporter thread because the reporter is shutting down
2026-04-27T10:49:14.716+05:30  INFO 22868 --- [           main] com.couchbase.transactions.cleanup       : Waiting for 1 regular background threads to exit
2026-04-27T10:49:14.716+05:30  INFO 22868 --- [etry-reporter-0] c.c.c.c.c.a.r.AppTelemetryReporterImpl   : App telemetry reporter interrupted; recalibrating!
2026-04-27T10:49:14.716+05:30  INFO 22868 --- [etry-reporter-0] c.c.c.c.c.a.r.AppTelemetryReporterImpl   : App telemetry reporter thread finished.
2026-04-27T10:49:14.743+05:30  INFO 22868 --- [b-txn-cleanup-4] c.c.transactions.cleanup.regular         : Stopping background cleanup thread for transactions from this client
2026-04-27T10:49:14.744+05:30  INFO 22868 --- [           main] c.couchbase.transactions.cleanup.lost    : Client 5362f stopping lost cleanup process, 0 threads running
2026-04-27T10:49:14.748+05:30  INFO 22868 --- [b-txn-cleanup-4] c.couchbase.transactions.cleanup.lost    : Client 5362f stopped lost cleanup process and removed client from client records
2026-04-27T10:49:14.748+05:30  INFO 22868 --- [b-txn-cleanup-4] com.couchbase.transactions.cleanup       : Background threads have exitted
2026-04-27T10:49:14.764+05:30  INFO 22868 --- [      cb-events] com.couchbase.core                       : [com.couchbase.core][BucketClosedEvent][1149us] Closed bucket "prop-tax" {"coreId":"0xfdaa8f5200000001"}
2026-04-27T10:49:14.764+05:30  INFO 22868 --- [      cb-events] com.couchbase.node                       : [com.couchbase.node][NodeDisconnectedEvent][817us] Node disconnected {"coreId":"0xfdaa8f5200000001","managerPort":"8091","remote":"localhost"}
2026-04-27T10:49:14.765+05:30  INFO 22868 --- [      cb-events] com.couchbase.core                       : [com.couchbase.core][ShutdownCompletedEvent][11ms] Completed shutdown and closed all open buckets {"coreId":"0xfdaa8f5200000001"}
2026-04-27T10:49:14.814+05:30  INFO 22868 --- [           main] .s.b.a.l.ConditionEvaluationReportLogger : 

Error starting ApplicationContext. To display the condition evaluation report re-run your application with 'debug' enabled.
2026-04-27T10:49:14.842+05:30 ERROR 22868 --- [           main] o.s.b.d.LoggingFailureAnalysisReporter   : 

***************************
APPLICATION FAILED TO START
***************************

Description:

Web server failed to start. Port 8081 was already in use.

Action:

Identify and stop the process that's listening on port 8081 or configure this application to listen on another port.

[INFO] ------------------------------------------------------------------------
[INFO] BUILD FAILURE
[INFO] ------------------------------------------------------------------------
[INFO] Total time:  13.451 s
[INFO] Finished at: 2026-04-27T10:49:15+05:30
[INFO] ------------------------------------------------------------------------
[ERROR] Failed to execute goal org.springframework.boot:spring-boot-maven-plugin:3.5.11:run (default-cli) on project billing: Process terminated with exit code: 1 -> [Help 1]
[ERROR] 
[ERROR] To see the full stack trace of the errors, re-run Maven with the -e switch.
[ERROR] Re-run Maven using the -X switch to enable full debug logging.
[ERROR] 
[ERROR] For more information about the errors and possible solutions, please read the following articles:
[ERROR] [Help 1] http://cwiki.apache.org/confluence/display/MAVEN/MojoExecutionException
